<!DOCTYPE html>
<html>
<head>
  <title>Test</title>
  <!-- load source script -->
  <script src="main.31a3d98c.js" defer="defer" integrity="sha384-5wyU0r61dmv4pJ2Y1iyFKZs1vKQyEZbe1jpEqzGCoS3RYww3pF7nzx/LBMjfORt5" crossorigin="anonymous"></script>
</head>
<body>
  <h1>Hello World!</h1>
</body>
</html>