<!DOCTYPE html>
<html>
<head>
  <title>Test</title>

  <!-- load source style -->
  <link rel="preload" href="js/main.bundle.js" as="script" integrity="sha384-pdbixx5V2dGT64gUoNOPtZOOjiNi3K19jlRRiF32WkCI8/HHyEwMdPLcgq/RKCpq" crossorigin="use-credentials">
  <link rel="preload" href="js/473.chunk.js" as="script" integrity="sha384-mDb7vARsl+J8e3qKFBZsGuOHa7WVAxWgXzgY16BOgxXthejkBcdERN1yvwQkn790" crossorigin="use-credentials">
  <link rel="preload" href="js/vendor.bundle.js" as="script" integrity="sha384-KOHLjGo0rQ+C8SOiWbOw8KN2r6NlfN+E6Jlre5dqkZJLv2NCk3EzaQClYi7qJBtc" crossorigin="use-credentials">
  <link rel="preload" href="js/no-integrity.bundle.js" as="script" integrity="vendor-predefined-js" crossorigin="use-credentials">
  <link rel="preload" href="css/style.bundle.css" as="style" integrity="sha384-gaDmgJjLpipN1Jmuc98geFnDjVqWn1fixlG0Ab90qFyUIJ4ARXlKBsMGumxTSu7E" crossorigin="use-credentials">
  <link rel="preload" href="css/vendor.bundle.css" as="style" integrity="sha384-S5He9W/ycWxLrmqRI+6B4V1TOIe0rK0NKdUpD8M61yjawdrgmpxiC/EwmNGkUkcd" crossorigin="use-credentials">
  <link rel="preload" href="css/no-integrity.bundle.css" as="style" integrity="vendor-predefined-css" crossorigin="use-credentials">
  <link rel="preload" href="img/image.697ef306.png" as="image" type="image/png">
  <link href="css/style.bundle.css" rel="stylesheet" integrity="sha384-gaDmgJjLpipN1Jmuc98geFnDjVqWn1fixlG0Ab90qFyUIJ4ARXlKBsMGumxTSu7E" crossorigin="use-credentials">

  <!-- load source script -->
  <script src="js/main.bundle.js" defer="defer" integrity="sha384-pdbixx5V2dGT64gUoNOPtZOOjiNi3K19jlRRiF32WkCI8/HHyEwMdPLcgq/RKCpq" crossorigin="use-credentials"></script>

  <!-- test: mixed order of css and js files -->
  <link href="css/vendor.bundle.css" rel="stylesheet" integrity="sha384-S5He9W/ycWxLrmqRI+6B4V1TOIe0rK0NKdUpD8M61yjawdrgmpxiC/EwmNGkUkcd" crossorigin="use-credentials">
  <script src="js/vendor.bundle.js" defer="defer" integrity="sha384-KOHLjGo0rQ+C8SOiWbOw8KN2r6NlfN+E6Jlre5dqkZJLv2NCk3EzaQClYi7qJBtc" crossorigin="use-credentials"></script>

  <link href="css/no-integrity.bundle.css" integrity="vendor-predefined-css" rel="stylesheet">

  <!-- test: already exists integrity attribute -->
  <script src="js/no-integrity.bundle.js" integrity="vendor-predefined-js" defer="defer"></script>

  <!-- test: not processed script, because the attribute is invalid -->
  <script x-src="./not-processed-script.js" defer="defer"></script>

  <!-- test: not processed script, because it's loaded via url -->
  <script src="//cdn-script.js" defer="defer"></script>
</head>
<body>
  <h1>Hello World!</h1>

  <!-- load source image -->
  <img src="img/image.697ef306.png">
</body>
</html>