<!DOCTYPE html>
<html>
<head>
  <title>Page 1</title>
  <link href="http://localhost:8080/assets/img/favicon.edda23bf.ico" rel="icon">
</head>
<body>
<h1>Page 1</h1>
  <nav>
    <a href="http://localhost:8080/index.html">Home</a>
  </nav>
</body>
</html>