<!DOCTYPE html>
<html>
<head>
  <title>Test</title>
  <!-- load source script -->
  <script src="runtime.a66e2685.js" defer="defer" integrity="sha384-qn4Mugj6jUG3E2uWuonuUO7UHz/KyWSzIO0r2t8UUB47OJxFnJUGTg/Y7NSyfket" crossorigin="anonymous"></script>
<script src="main.b2514982.js" defer="defer" integrity="sha384-8fwRF1WQvXYHck6gVoReAEf6TlA+jsOBpK36d4sGgD61DBvVvkzQajkXe6cmD1cx" crossorigin="anonymous"></script>
</head>
<body>
  <h1>Hello World!</h1>
</body>
</html>