<!DOCTYPE html>
<html>
<head>
  <title>Test</title>
  <!-- load source script -->
  <script src="main.8129e48a.js" defer="defer" integrity="sha384-RJdi46Nvew0PILc4OzTeKzD6OznGctubFSNEIwtUrcZljtFo5ugt7lyKuIlQ6k2O" crossorigin="anonymous"></script>
</head>
<body>
  <h1>Hello World!</h1>
</body>
</html>