<!DOCTYPE html>
<html>
<head>
</head>
<body>
  <h1>Hello World!</h1>
  <script src="js/runtime.4e640cc4.js"></script>
<script src="js/803.2f7f93d4.js"></script>
<script src="js/main.378e5785.js"></script>
  <!-- Note:
  here are injected not all generated split chunks.
  It is OK because other chunks are loaded dynamically at runtime from injected chunks.
  -->
</body>
</html>