<!DOCTYPE html>
<html>
  <head>
    <title>My Title</title>
    <script src="app.js" defer="defer"></script>
  </head>
  <body>
    <h1 class="header">HEADER</h1>    <h3>Sub header: this partial used in HBS-template</h3>    <div>Person: Heisenberg, 50</div>
    <div id="app"></div>
  </body>
</html>