<!DOCTYPE html>
<html>
<head>
  <title>Test</title>
  <!-- load source script -->
  <script src="main.53695689.js" defer="defer" integrity="sha384-jGeZX6pOdcNvN3QgrS7plbr8BwN4g47dPc0M1F0SjCQJaxTCmT5aC2fpsCOP2qNN" crossorigin="anonymous"></script>
</head>
<body>
  <h1>Hello World!</h1>
</body>
</html>