<!DOCTYPE html>
<html>
<head>
  <title>Test</title>
  <!-- load source script -->
  <link href="main.3181f55a.css" rel="stylesheet" integrity="sha384-TdZsgReEoI6+2+yOk7B1b4OYbhh72oQ23dM9iPSRAn8BCBiOmUAXLG0YZg/G1ep7" crossorigin="anonymous">
<script src="runtime.bf11be35.js" defer="defer" integrity="sha384-BAyVEsqs5e7rzMVBbgUjyzCk69uIU+8DjG5qty2KrYDQFM73s4pCdKGBLSFT/ryv" crossorigin="anonymous"></script>
<script src="main.701fbe9a.js" defer="defer" integrity="sha384-Yn8Eb3pOBHPFdo25cKc26/c235c8s4dqP55ggxHyoP7s84sK/IwbiqaJJJ+BMGfl" crossorigin="anonymous"></script>
</head>
<body>
  <h1>Hello World!</h1>
</body>
</html>