<!DOCTYPE html>
<html>
<head>
  <title>Test</title>
  <link href="style-a.22451d9b.css" rel="stylesheet" />
  <style>.red {
  border: 5px solid red;
  color: indianred;
}
</style>
  <link href="main.5b01e96e.css" rel="stylesheet">
<style>.royal-blue {
  border: 5px solid royalblue;
  color: royalblue;
}
</style>
<script src="main.388c4e1f.js" async defer="defer"></script>
</head>
<body>
  <h1>Hello World!</h1>
  <div class="red">Red</div>
  <div class="lime-green">Green</div>
  <div class="royal-blue">Blue</div>
  <div class="hotpink">Pink</div>
</body>
</html>