<!DOCTYPE html>
<html>
<head>
  <title>Test</title>
  <script src="js/main.ec7d9d9c.js" async defer="defer"></script>
</head>
<body>
  <h1>Hello World!</h1>
  <div class="red">Red</div>
  <div class="lime-green">Green</div>
  <div class="royal-blue">Blue</div>
</body>
</html>