

<html>
  <head>
    <title>Homepage</title>
      <link href="css/home.a2c8ba2d.css" rel="stylesheet">
  <script src="js/home.0132c52e.js"></script>

  </head>
  <body>
      <h1>Home Page</h1>


    <footer class='footer'>FOOTER</footer>
  </body>
</html>
