<!DOCTYPE html>
<html>
<head>
  <title>Test</title>
  <!-- load source script -->
  <script src="main.852db197.js" defer="defer" integrity="sha384-EF39ikPPY9ityN+/ikAFI+tPIWsAW9i2u69VGiCu3m2bN1r0fY/ZgndSlcerWJnS" crossorigin="anonymous"></script>
</head>
<body>
  <h1>Hello World!</h1>
</body>
</html>