<!DOCTYPE html>
<html>
<head>
  <title>Test</title>
  <!-- load source script -->
  <script src="main.4e19c25c.js" defer="defer" integrity="sha384-uaNtb1UgteEjoY3AHkElJwlVMqDG8fRUwEZXGBXL2fywWcoRESqv21aK6danvI5w" crossorigin="anonymous"></script>
</head>
<body>
  <h1>Hello World!</h1>
</body>
</html>