<!DOCTYPE html>
<html>
<head>
  <title>Test</title>
  <!-- load source script -->
  <script src="main.f0100923.js" defer="defer" integrity="sha384-d6oetCRNZKq6QIIiZb7RxbZNx9vS7GFIFl0th+eHd/8sSty9TptoMRmHn3k3Kir4" crossorigin="anonymous"></script>
</head>
<body>
  <h1>Hello World!</h1>
</body>
</html>