<!DOCTYPE html>
<html lang="en">
<head>
  <title>Home</title>
</head>
<body>
  <h1>Welcome to Awesome Corp</h1>

    <footer>
  <p>&copy; Awesome Corp - All rights reserved</p>
  <p>Address: 123 Main Street, Springfield</p>
  <p>Phone: +1 234 567 890</p>
  <p>Email: info@awesomecorp.com</p>
</footer></body>
</html>