<!DOCTYPE html>
<html>
<head>
  <script src="js/runtime.bundle.js" integrity="sha384-Dizvrh+6VldyxymGBPDD6PAPmuZtLt8STiL3MLmIv9CDS+JY0QDIX09jkNkGdcnk" crossorigin="anonymous"></script>
<script src="js/393.bundle.js" integrity="sha384-a35SF1eTLe8MOQ7Qxp/9wZ25cWJL5HXzgLcestupD/rbkPc5GBeJhFiScZQiM+O2" crossorigin="anonymous"></script>
<script src="js/29.bundle.js" integrity="sha384-F1dIiVUbGaio4BMK4NjXpde6Y/MPIeD9VbOih/w//faoLlS7P4J2+A44uozw5XyX" crossorigin="anonymous"></script>
<script src="js/579.bundle.js" integrity="sha384-CtEf2RZpPr3wkGBcPhaZ0tt2kepPGDC/Puw03r5SmDl5oOD9/zkXaIED8wVoJpBy" crossorigin="anonymous"></script>
<script src="js/350.bundle.js" integrity="sha384-L2AXZA+fyG7RBEPM3zFsgvEx85pNn+fsL9Wd6aSNm+cNcYEmZwqUtagkAFyeaVQC" crossorigin="anonymous"></script>
<script src="js/app.bundle.js" integrity="sha384-tZNYq9Qs3rlK1GB9XkoPyQLWsRbHvCTcplm6Gw1vzPi2F9+W2KO+/vPM53s9Gyqt" crossorigin="anonymous"></script>
</head>
<body>
  <h1>Home</h1>
</body>
</html>