<!DOCTYPE html>
<html>
<head>
  <link href="styles.540ca0bb.css" rel="stylesheet">
  <script src="main.95ab69db.js" defer="defer"></script>
</head>
<body>
  <b>HTML: SVG as img tag, filename</b>
  <div><img src="c7e37912d6bca9601e68.svg" class="icon"></div>

  <b>HTML: SVG as img tag, base64 encoded</b>
  <div><img src="data:image/svg+xml;base64,PHN2ZyB4bWxucz0iaHR0cDovL3d3dy53My5vcmcvMjAwMC9zdmciICB2aWV3Qm94PSIwIDAgMTYgMTYiIHdpZHRoPSIxNnB4IiBoZWlnaHQ9IjE2cHgiPjxwYXRoIGQ9Ik0gOCAxLjMyMDMxMyBMIDAuNjYwMTU2IDguMTMyODEzIEwgMS4zMzk4NDQgOC44NjcxODggTCAyIDguMjUzOTA2IEwgMiAxNCBMIDcgMTQgTCA3IDkgTCA5IDkgTCA5IDE0IEwgMTQgMTQgTCAxNCA4LjI1MzkwNiBMIDE0LjY2MDE1NiA4Ljg2NzE4OCBMIDE1LjMzOTg0NCA4LjEzMjgxMyBaIE0gOCAyLjY3OTY4OCBMIDEzIDcuMzI4MTI1IEwgMTMgMTMgTCAxMCAxMyBMIDEwIDggTCA2IDggTCA2IDEzIEwgMyAxMyBMIDMgNy4zMjgxMjUgWiIvPjwvc3ZnPg==" class="icon"></div>

  <b>HTML: SVG as img tag, escaped</b>
  <div><img src="data:image/svg+xml,%3Csvg%20xmlns%3D%22http%3A%2F%2Fwww.w3.org%2F2000%2Fsvg%22%20%20viewBox%3D%220%200%2016%2016%22%20width%3D%2216px%22%20height%3D%2216px%22%3E%3Cpath%20d%3D%22M%208%201.320313%20L%200.660156%208.132813%20L%201.339844%208.867188%20L%202%208.253906%20L%202%2014%20L%207%2014%20L%207%209%20L%209%209%20L%209%2014%20L%2014%2014%20L%2014%208.253906%20L%2014.660156%208.867188%20L%2015.339844%208.132813%20Z%20M%208%202.679688%20L%2013%207.328125%20L%2013%2013%20L%2010%2013%20L%2010%208%20L%206%208%20L%206%2013%20L%203%2013%20L%203%207.328125%20Z%22%2F%3E%3C%2Fsvg%3E" class="icon"></div>

  <b>HTML: SVG as svg tag</b>
  <div><svg viewBox="0 0 16 16" width="16px" height="16px" class="icon"><path d="M 8 1.320313 L 0.660156 8.132813 L 1.339844 8.867188 L 2 8.253906 L 2 14 L 7 14 L 7 9 L 9 9 L 9 14 L 14 14 L 14 8.253906 L 14.660156 8.867188 L 15.339844 8.132813 Z M 8 2.679688 L 13 7.328125 L 13 13 L 10 13 L 10 8 L 6 8 L 6 13 L 3 13 L 3 7.328125 Z"/></svg></div>

  <b>HTML: PNG, base64 encoded</b>
  <div><img src="data:image/png;base64,iVBORw0KGgoAAAANSUhEUgAAABAAAAAQCAYAAAAf8/9hAAAACXBIWXMAAAsTAAALEwEAmpwYAAAAnklEQVR4nN3QIQoCQRjF8Z/CZsEgWAwmg8li9AZewGa1WbyCxWjZ6mUsdotBEPEWKwujLMu6uwoi+ODB8N73/2YYvqxJ8Eea4hacnt/SLIBjjHDFvC68wAXDTDbAGcsqeIUT+gVdD0esi8AGNjigU3JBG3ts0XyEEXZI0Kp6YphJAhOlQRdxCLNKcs53cWCfKhqq0/3bguTFx5V1P9YdrKIzXRZI6v8AAAAASUVORK5CYII=" class="icon"></div>

  <b>CSS: SVG background image as filename </b>
  <div class="icon-imac"></div>

  <b>CSS: SVG background image as data URL (default base64)</b>
  <div class="icon-imac-inline"></div>

  <b>JS: SVG import as data URL (default base64)</b>
  <div id="js-svg-data-url"></div>

  <b>JS: SVG import as filename</b>
  <div id="svg-filename"></div>
</body>
</html>