



<html>
  <head>
    <title>Homepage</title>
  </head>
  <body>
      <h1>HOME header</h1>


    <nav class='navbar'>LAYOUT navbar</nav>

      <div class="home-page">
    <p>HOME content</p>
    <img src="img/apple.02a7c382.png">
  </div>


    <div><span class="icon-check">✅</span>one</div>
    <div><span class="icon-check">✅</span>two</div>
    <div>LAYOUT default block content</div>

    <footer class='footer'>LAYOUT footer</footer>
  </body>
</html>
