<!DOCTYPE html>
<html>
<head>
  <title>Home</title>
  <link href="main.879f66d3.css" rel="stylesheet">
<script src="main.24428efe.js" defer="defer"></script>
</head>
<body>
  <h1>Home</h1>
  <div class="a1">lawngreen</div>
  <div class="a2">slateblue</div>
  <div class="b1">darkmagenta</div>
  <div class="c1">indianred</div>
</body>
</html>