<!doctype html><html><head><title>Test</title><style>h1{color:red}</style><script>const data=[{a:123},{b:{c:"d"}}];data.forEach(a=>{console.log(a)})</script></head><body><h1>Hello World!</h1></body></html>