<!DOCTYPE html>
<html>
<head>
  <title>Test</title>
  <!-- load source script -->
  <script src="main.5391b9c8.js" defer="defer" integrity="sha384-aW+tud//LtNEMrh3+KFtEQ6UWChYot3KyatSNxjl8MTgaZrjU1Np/P+2AJ3NT9X6" crossorigin="anonymous"></script>
</head>
<body>
  <h1>Hello World!</h1>
</body>
</html>