<!DOCTYPE html>
<html>
  <head>
    <title>Test</title>
  <link href="index.dc4ea4af.css" rel="stylesheet">
</head>
  <body>
    <div id="app"></div>
    <script src="index.18932cdd.js"></script>
  </body>
</html>