<!DOCTYPE html>
<html>
<head>
  <title>CJS</title>
  <link href="css/main.fa2662a2.css" rel="stylesheet">
<script src="js/main.03a7ca4f.js" defer="defer"></script>
</head>
<body>
  <div id="root"></div>
</body>
</html>