<!DOCTYPE html>
<html>
  <head>
    <title>Test</title>
    <link rel="preload" href="../js/main.d9109fd6.js" as="script">
    <link rel="preload" href="../js/module1.chunk.js" as="script">
    <link rel="preload" href="../css/style.0d25913e.css" as="style">
    <link rel="preload" href="../fonts/open-sans-regular.woff2" as="font" type="font/woff2" crossorigin>
    <link href="../css/style.0d25913e.css" rel="stylesheet">
    <link href="../css/main.5b01e96e.css" rel="stylesheet">
<script src="../js/main.d9109fd6.js" defer="defer"></script>
  </head>
  <body>
    <h1>Hello World!</h1>
    <script src="../js/noPreload.2382a7e6.js" defer="defer"></script>
  </body>
</html>