<!DOCTYPE html>
<html>
<head>
  <title>Test</title>
  <link href="css/app.5b01e96e.css" rel="stylesheet">
<script src="js/app.5a9fed5b.js" defer="defer"></script>
</head>
<body>
  <div class="app1">app1.css - imported in TS</div>
  <div class="app2">app2.css - imported in TS</div>
</body>
</html>