<!DOCTYPE html>
<html>
<head><title></title>
  <link href="css/main.bundle.css" rel="stylesheet">
  <link href="css/style.bundle.2.css" rel="stylesheet">
  <script src="js/main.bundle.js"></script>
  <script src="js/script.bundle.js"></script>
</head>
<body>
  <h4>Default layout</h4>
  <h1>About</h1>
  iMac: <img src="img/device.d12b81b0.png" alt="iMac">
</body>
</html>