<!DOCTYPE html>
<html>
<head>
  <title>Sign Up</title>
  <link href="http://localhost:8080/assets/img/favicon.edda23bf.ico" rel="icon">

  <!-- load page style -->
  <link href="http://localhost:8080/assets/css/style.7fc9d183.css" rel="stylesheet">
</head>
<body>
  <h1>Sign Up</h1>
  <nav>
  <a href="http://localhost:8080/index.html">Home</a>
  | <a href="http://localhost:8080/index.html?q=1">Home (query)</a>
  | <a href="http://localhost:8080/index.html#test">Home (anchor)</a>
  | <a href="http://localhost:8080/login/signup/index.html">Sign up</a>
  | <a href="javascript:void 0" data-link="http://localhost:8080/page1.html" onclick="location.href=this.dataset.link">Page 1 (JS)</a>
  | <button href="http://localhost:8080/sub/page2.html" onclick="location.href=this.getAttribute('href')">Sub Page 2 (JS)</button>
  | <button data-hyperlink="http://localhost:8080/sub/page3.html" onclick="location.href=this.dataset.hyperlink">Sub Page 3 (JS)</button>
  | <a href="http://localhost:8080/assets/img/apple.02a7c382.png" target="_blank">Image file</a>
  | <a href="https://google.com" target="_blank">Google</a>
  | <a href="/index.html">Home (not resolvable)</a>
</nav></body>
</html>