<!DOCTYPE html>
<html>
<head>
  <title>Test</title>
  <!-- load source script -->
  <script src="main.483bccb2.js" defer="defer" integrity="sha384-+5ZFi2RI+zD0jzU6tR20MZRCiVLn9qUkwDE5UXmKXGl0JDdXk0etNKUfuzT3wY7p" crossorigin="anonymous"></script>
</head>
<body>
  <h1>Hello World!</h1>
</body>
</html>