<!DOCTYPE html>
<html>
<head>
  <title>Home</title>
  <link href="assets/img/favicon.f2794493.svg" rel="icon">
  <link href="assets/css/style.aa2dd642.css" rel="stylesheet">
  <link href="assets/css/main.09668011.css" rel="stylesheet">
<script src="assets/js/main.3540cccd.js" defer="defer"></script>
</head>
<body>
  <h1>Home</h1>
  <div class="apple a">apple</div>
  <div class="melon b">melon</div>
  <div class="kiwi c">kiwi</div>
</body>
</html>