<!DOCTYPE html>
<html>
<head>
  <link href="assets/css/style.bundle.css" rel="stylesheet">
</head>
<body>
  <h1>Home</h1>
  <script src="assets/js/83.facff58c.js"></script>
<script src="assets/js/198.f8c76e4c.js"></script>
<script src="assets/js/552.a12a7ed5.js"></script>
<script src="assets/js/main-a.bundle.js"></script>
</body>
</html>