<!DOCTYPE html>
<html>
  <head>
    <title>Test</title>
    <!-- load CSS as file -->
    <link href="../assets/css/main.50761d97.css" rel="stylesheet" />
    <!-- inline CSS -->
    <style>h1{font-size:20px}.img-inline-style{border:2px solid orangered;width:160px;height:130px;background-image:url(../assets/img/apple.02a7c382.png)}
/*# sourceMappingURL=data:application/json;charset=utf-8;base64,IntcInZlcnNpb25cIjozLFwiZmlsZVwiOlwicGFnZXMtYWJvdXQuaHRtbF9hc3NldHMtY3NzLWlubGluZS1zdHlsZS44MjcwNmJlMS5jc3NcIixcIm1hcHBpbmdzXCI6XCJBQUFBLEdBQ0UsZUFHRixrQkFDRSwyQkFDQSxZQUNBLGFBQ0FcIixcInNvdXJjZXNcIjpbXCJ3ZWJwYWNrOi8vLy4vc3JjL2Fzc2V0cy9zdHlsZXMvaW5saW5lLXN0eWxlLmNzc1wiXSxcInNvdXJjZXNDb250ZW50XCI6W1wiaDEge1xcbiAgZm9udC1zaXplOiAyMHB4O1xcbn1cXG5cXG4uaW1nLWlubGluZS1zdHlsZSB7XFxuICBib3JkZXI6IDJweCBzb2xpZCBvcmFuZ2VyZWQ7XFxuICB3aWR0aDogMTYwcHg7XFxuICBoZWlnaHQ6IDEzMHB4O1xcbiAgYmFja2dyb3VuZC1pbWFnZTogdXJsKFxcXCJAaW1hZ2VzL2FwcGxlLnBuZ1xcXCIpO1xcbn1cXG5cIl0sXCJuYW1lc1wiOltdLFwic291cmNlUm9vdFwiOlwiXCJ9Ig==*/</style>
  </head>
  <body>
    <h1>About</h1>
    <div class="img-file-style"></div>
    <div class="img-inline-style"></div>
  </body>
</html>