<!DOCTYPE html>
<html>
<head>
  <title>Test</title>
  <!-- load source script -->
  <script src="main.2ea3ae51.js" defer="defer" integrity="sha384-XtRM4wc0iyM77Zraemo42LiovwBgFs0OsBCxpLHsp03N1tY2QyI57ogPFZIg5iyt" crossorigin="anonymous"></script>
</head>
<body>
  <h1>Hello World!</h1>
</body>
</html>