<!DOCTYPE html>
<html>
  <head>
    <title>Test</title>
    <script src="app.js" defer="defer"></script>
  </head>
  <body>
    <div id="app"></div>
  </body>
</html>