<!DOCTYPE html>
<html>
<head>
  <title>Prod</title>
  <!-- load source script -->
  <link href="main.css" rel="stylesheet" integrity="sha384-P3uRZYJvNVccCqk2iQVGvwDZOYfrwSq1FHv6Ahsf4lBoPPD3ODc0xdEdeom27+CM" crossorigin="anonymous">
<script src="main.da1ab377.js" defer="defer" integrity="sha384-FTSZ1X51/KGPrnWa7J55K2VfFb1VPWJLkJs4DaXeadtLHQI4iAtPBy/4Ny85fQ9j" crossorigin="anonymous"></script>
</head>
<body>
  <h1>Hello World!</h1>
  <img src="imac.d12b81b0.png">
</body>
</html>