<!DOCTYPE html>
<html>
<head>
  <title>Test</title>
  <!-- load source script -->
  <script src="main.6a9fe79f.js" defer="defer" integrity="sha384-/PJUdydx6GJDO8ZVgwdhNRqN0Bvcj/HGiN1x5yZNZbDbpeo4Yh8hbijTPoJlZ5gO" crossorigin="anonymous"></script>
</head>
<body>
  <h1>Hello World!</h1>
</body>
</html>