<!DOCTYPE html><html><head><title>Pretty HTML</title><script>const data = {
  arr: [ 1,2,3 ], obj: {key:'value'}
};
for (const item of data) {console.log(item);}</script></head><body><h1>Hello World!</h1></body></html>