<!DOCTYPE html>
<html>
<head>
  <title>Home</title>

  <!-- file CSS, force disable inlining via the query -->
  <link href="assets/css/style-inline-false.74952b49.css" rel="stylesheet" />

  <!-- inline CSS from style file via css.inline option -->
  <style>h1{color:crimson}.inline{color:orange}
/*# sourceMappingURL=data:application/json;charset=utf-8;base64,IntcInZlcnNpb25cIjozLFwiZmlsZVwiOlwiaW5kZXguaHRtbF9hc3NldHMtY3NzLXN0eWxlLWlubGluZS40MGJjYjNiMS5jc3NcIixcIm1hcHBpbmdzXCI6XCJBQUFBLEdBQ0UsY0FHRixRQUNFXCIsXCJzb3VyY2VzXCI6W1wid2VicGFjazovLy8uL3NyYy9hc3NldHMvc3R5bGVzL3N0eWxlLWlubGluZS5jc3NcIl0sXCJzb3VyY2VzQ29udGVudFwiOltcImgxIHtcXG4gIGNvbG9yOiBjcmltc29uO1xcbn1cXG5cXG4uaW5saW5lIHtcXG4gIGNvbG9yOiBvcmFuZ2U7XFxufVxcblwiXSxcIm5hbWVzXCI6W10sXCJzb3VyY2VSb290XCI6XCJcIn0i*/</style>

  <!-- inline CSS from style imported in JS via css.inline option -->
  <style>.app-inline-1{color:mediumvioletred}.app-inline-2{color:mediumaquamarine}
/*# sourceMappingURL=data:application/json;charset=utf-8;base64,IntcInZlcnNpb25cIjozLFwiZmlsZVwiOlwiaW5kZXguaHRtbF9hc3NldHMtY3NzLWFwcC4yODBmY2VjNy5jc3NcIixcIm1hcHBpbmdzXCI6XCJBQUVBLGNBQ0Usc0JDQUYsY0FDRVwiLFwic291cmNlc1wiOltcIndlYnBhY2s6Ly8vLi9zcmMvYXNzZXRzL3N0eWxlcy9hcHAxLmNzc1wiLFwid2VicGFjazovLy8uL3NyYy9hc3NldHMvc3R5bGVzL2FwcDIuY3NzXCJdLFwic291cmNlc0NvbnRlbnRcIjpbXCIvKiAxc3QgbGluZSBjb21tZW50ICovXFxuXFxuLmFwcC1pbmxpbmUtMSB7XFxuICBjb2xvcjogbWVkaXVtdmlvbGV0cmVkO1xcbn1cXG5cIixcIi8qIDFzdCBsaW5lIGNvbW1lbnQgKi9cXG4vKiAybmQgbGluZSBjb21tZW50ICovXFxuXFxuLmFwcC1pbmxpbmUtMiB7XFxuICBjb2xvcjogbWVkaXVtYXF1YW1hcmluZTtcXG59XFxuXCJdLFwibmFtZXNcIjpbXSxcInNvdXJjZVJvb3RcIjpcIlwifSI=*/</style>
<style>.home-inline-1{color:limegreen}.home-inline-2{color:forestgreen}
/*# sourceMappingURL=data:application/json;charset=utf-8;base64,IntcInZlcnNpb25cIjozLFwiZmlsZVwiOlwiaW5kZXguaHRtbF9hc3NldHMtY3NzLWhvbWUuMDg1Y2I3ZDYuY3NzXCIsXCJtYXBwaW5nc1wiOlwiQUFJQSxlQUNFLGdCQ0xGLGVBQ0VcIixcInNvdXJjZXNcIjpbXCJ3ZWJwYWNrOi8vLy4vc3JjL2Fzc2V0cy9zdHlsZXMvaG9tZTEuY3NzXCIsXCJ3ZWJwYWNrOi8vLy4vc3JjL2Fzc2V0cy9zdHlsZXMvaG9tZTIuY3NzXCJdLFwic291cmNlc0NvbnRlbnRcIjpbXCIvKiAxc3QgbGluZSBjb21tZW50ICovXFxuLyogMm5kIGxpbmUgY29tbWVudCAqL1xcbi8qIDNyZCBsaW5lIGNvbW1lbnQgKi9cXG5cXG4uaG9tZS1pbmxpbmUtMSB7XFxuICBjb2xvcjogbGltZWdyZWVuO1xcbn1cXG5cIixcIi5ob21lLWlubGluZS0yIHtcXG4gIGNvbG9yOiBmb3Jlc3RncmVlbjtcXG59XFxuXCJdLFwibmFtZXNcIjpbXSxcInNvdXJjZVJvb3RcIjpcIlwifSI=*/</style>
<script src="assets/js/app.5904920b.js"></script>
  <script src="assets/js/home.0b77c4dc.js"></script>
</head>
<body>
  <h1>Home</h1>

  <!-- CSS specified in HTML -->
  <div class="inline-false">style-inline-false.css?inline=false</div>
  <div class="inline">style-inline.css</div>

  <!-- CSS imported in JS -->
  <div class="app-inline-1">imported css .app-inline-1</div>
  <div class="app-inline-2">imported css .app-inline-2</div>
  <div class="home-inline-1">imported css .home-inline-1</div>
  <div class="home-inline-2">imported css .home-inline-2</div>
</body>
</html>