<!DOCTYPE html>
<html>
  <head>
    <link href="../css/fixture-styles.bundle.css" rel="stylesheet">
    <link href="../css/style.bundle.css" rel="stylesheet">
    <style>.header-bg{width:160px;height:130px;border:3px solid plum;background-image:url(../assets/img/pear.6b9b072a.png)}.iphone{width:24px;height:24px;border:5px solid limegreen;background-image:url(data:image/png;base64,iVBORw0KGgoAAAANSUhEUgAAABgAAAAYCAQAAABKfvVzAAAAUklEQVQ4y2NgoADIMexh+MnwHwX+BIrJ4dKwG00xDO7GpeEHDg0/cGkASRIrOqphVMPAa8AOCWqoZOABYoIaEBmIF8jjJZyBduOwYTfVCgGiAABs3JKsxAraGAAAAABJRU5ErkJggg==)}.imac{width:24px;height:24px;border:5px solid royalblue;background-image:url(data:image/svg+xml;base64,PHN2ZyB4bWxucz0iaHR0cDovL3d3dy53My5vcmcvMjAwMC9zdmciIGhlaWdodD0iMjQiIHZpZXdCb3g9IjAgMCAyNCAyNCIgd2lkdGg9IjI0Ij48cGF0aCBkPSJNMCAwaDI0djI0SDB6IiBmaWxsPSJub25lIi8+PHBhdGggZD0iTTIxIDJIM2MtMS4xIDAtMiAuOS0yIDJ2MTJjMCAxLjEuOSAyIDIgMmg3bC0yIDN2MWg4di0xbC0yLTNoN2MxLjEgMCAyLS45IDItMlY0YzAtMS4xLS45LTItMi0yem0wIDEySDNWNGgxOHYxMHoiLz48L3N2Zz4=)}.plum{width:160px;height:130px;border:5px solid #4e32cd;background-image:url(../assets/img/plum.d39e7174.png)}</style>
    <link href="../css/style.bundle.2.css" rel="stylesheet">
    <script src="../js/287.bundle.js" defer="defer"></script>
<script src="../js/about-split.bundle.js" defer="defer"></script>
    <script>(self.webpackChunk=self.webpackChunk||[]).push([[433],{433:()=>{console.log(">> About: inline split chunks")}}]);</script>
<script>(()=>{"use strict";var r,e={},o={};function t(r){var n=o[r];if(void 0!==n)return n.exports;var a=o[r]={exports:{}};return e[r](a,a.exports,t),a.exports}t.m=e,r=[],t.O=(e,o,n,a)=>{if(!o){var i=1/0;for(l=0;l<r.length;l++){for(var[o,n,a]=r[l],v=!0,s=0;s<o.length;s++)(!1&a||i>=a)&&Object.keys(t.O).every(r=>t.O[r](o[s]))?o.splice(s--,1):(v=!1,a<i&&(i=a));if(v){r.splice(l--,1);var f=n();void 0!==f&&(e=f)}}return e}a=a||0;for(var l=r.length;l>0&&r[l-1][2]>a;l--)r[l]=r[l-1];r[l]=[o,n,a]},t.o=(r,e)=>Object.prototype.hasOwnProperty.call(r,e),(()=>{var r={743:0};t.O.j=e=>0===r[e];var e=(e,o)=>{var n,a,[i,v,s]=o,f=0;if(i.some(e=>0!==r[e])){for(n in v)t.o(v,n)&&(t.m[n]=v[n]);if(s)var l=s(t)}for(e&&e(o);f<i.length;f++)a=i[f],t.o(r,a)&&r[a]&&r[a][0](),r[a]=0;return t.O(l)},o=self.webpackChunk=self.webpackChunk||[];o.forEach(e.bind(null,0)),o.push=e.bind(null,o.push.bind(o))})();var n=t.O(void 0,[433],()=>t(433));n=t.O(n)})();</script>
  </head>
  <body>
    <h1>About</h1>
    <!-- test inlined style with background image -->
    <div class="header-bg"></div>

    <!-- test asset resource -->
    <img src="../assets/img/fig.c6809878.png" class="fig PNG file">

    <!-- test responsive srcset -->
    <img src="../assets/img/hardware-300w.webp" srcset="../assets/img/hardware-200w.webp 200w,../assets/img/hardware-400w.webp 400w" alt="printer srcset">

    <div class="plum"></div>
    <div class="about-bg"></div>
    <div class="about-bg-inlined"></div>
    <script src="../js/about.bundle.js"></script>
  </body>
</html>