<!DOCTYPE html>
<html>
<head>
  <link href="style.8c078fb7.css" rel="stylesheet">
  <script src="main.9ea5997b.js" defer="defer"></script>
</head>
<body>
  <div>
    <h1>SVG images</h1>

    <h3>Whatsapp icon (> 1 KB)</h3>
    <img src="whatsapp.711717de.svg" width="128" height="128" alt="SVG (1.69 KB) as file">
    <img src="data:image/svg+xml,%3csvg fill='none' version='1.1' class='processed-data-url' viewBox='0 0 24 24' xmlns='http://www.w3.org/2000/svg'%3e %3cpath d='m19.085877 4.8720843c-1.879833-1.8822498-4.379999-2.9193503-7.043888-2.9203053-5.4891664 0-9.9565293 4.4668884-9.9584393 9.957499-9.55e-4 1.755222 0.4579099 3.468444 1.3293232 4.978277l-1.4128832 5.160666 5.2790884-1.384722c1.4544109 0.793611 3.0921889 1.211389 4.7586329 1.211889h0.0043c5.488222 0 9.95611-4.467388 9.957999-9.957999 9.22e-4 -2.6609996-1.0338-5.1625716-2.914133-7.044827zm-2.503944 9.1228597c-0.248778-0.124611-1.472055-0.726277-1.700333-0.809333-0.228222-0.08311-0.393889-0.124611-0.559611 0.124611-0.165667 0.249278-0.642667 0.809834-0.787833 0.9755-0.145167 0.166167-0.290334 0.186722-0.539112 0.06206-0.248722-0.124615-1.050444-0.387226-2.001111-1.234782-0.739611-0.659889-1.2391107-1.474444-1.3842218-1.723722-0.1451667-0.249222-0.0152778-0.383889 0.1088333-0.507555 0.1117222-0.111723 0.2487777-0.290778 0.3733885-0.435945 0.124667-0.145166 0.165722-0.249222 0.248778-0.414944 0.083111-0.1661669 0.041556-0.311278-0.0205-0.4359447-0.062111-0.1246111-0.559611-1.3493887-0.7673332-1.8473887-0.2019999-0.4851166-0.4072777-0.4192221-0.559611-0.4273388-0.1451667-0.00717-0.3108333-0.00859-0.477-0.00859-0.1661666 0-0.4354999 0.062072-0.6637221 0.3113221-0.2282222 0.2492222-0.8709388 0.8513333-0.8709388 2.0756109 0 1.2242782 0.8914943 2.4079992 1.0161054 2.5741662s1.7547221 2.679166 4.2505557 3.757333c0.593555 0.256389 1.057166 0.409666 1.418611 0.524278 0.595944 0.189555 1.138333 0.162833 1.567111 0.09883 0.478-0.07161 1.472111-0.602111 1.679333-1.183222s0.207222-1.079611 0.145166-1.183222c-0.06206-0.103611-0.228222-0.166167-0.476999-0.290778z' clip-rule='evenodd' fill='%2325d366' fill-rule='evenodd'/%3e %3c/svg%3e" width="128" height="128" alt="Force inline SVG (1.69 KB), result of generator.dataUrl()">
    <img src="data:image/svg+xml,%3csvg fill='none' version='1.1' class='processed-data-url' viewBox='0 0 24 24' xmlns='http://www.w3.org/2000/svg'%3e %3cpath d='m19.085877 4.8720843c-1.879833-1.8822498-4.379999-2.9193503-7.043888-2.9203053-5.4891664 0-9.9565293 4.4668884-9.9584393 9.957499-9.55e-4 1.755222 0.4579099 3.468444 1.3293232 4.978277l-1.4128832 5.160666 5.2790884-1.384722c1.4544109 0.793611 3.0921889 1.211389 4.7586329 1.211889h0.0043c5.488222 0 9.95611-4.467388 9.957999-9.957999 9.22e-4 -2.6609996-1.0338-5.1625716-2.914133-7.044827zm-2.503944 9.1228597c-0.248778-0.124611-1.472055-0.726277-1.700333-0.809333-0.228222-0.08311-0.393889-0.124611-0.559611 0.124611-0.165667 0.249278-0.642667 0.809834-0.787833 0.9755-0.145167 0.166167-0.290334 0.186722-0.539112 0.06206-0.248722-0.124615-1.050444-0.387226-2.001111-1.234782-0.739611-0.659889-1.2391107-1.474444-1.3842218-1.723722-0.1451667-0.249222-0.0152778-0.383889 0.1088333-0.507555 0.1117222-0.111723 0.2487777-0.290778 0.3733885-0.435945 0.124667-0.145166 0.165722-0.249222 0.248778-0.414944 0.083111-0.1661669 0.041556-0.311278-0.0205-0.4359447-0.062111-0.1246111-0.559611-1.3493887-0.7673332-1.8473887-0.2019999-0.4851166-0.4072777-0.4192221-0.559611-0.4273388-0.1451667-0.00717-0.3108333-0.00859-0.477-0.00859-0.1661666 0-0.4354999 0.062072-0.6637221 0.3113221-0.2282222 0.2492222-0.8709388 0.8513333-0.8709388 2.0756109 0 1.2242782 0.8914943 2.4079992 1.0161054 2.5741662s1.7547221 2.679166 4.2505557 3.757333c0.593555 0.256389 1.057166 0.409666 1.418611 0.524278 0.595944 0.189555 1.138333 0.162833 1.567111 0.09883 0.478-0.07161 1.472111-0.602111 1.679333-1.183222s0.207222-1.079611 0.145166-1.183222c-0.06206-0.103611-0.228222-0.166167-0.476999-0.290778z' clip-rule='evenodd' fill='%2325d366' fill-rule='evenodd'/%3e %3c/svg%3e" width="128" height="128" alt="Force inline SVG (1.69 KB), result of generator.dataUrl()">
    <img src="data:image/svg+xml;base64,PHN2ZyBmaWxsPSdub25lJyB2ZXJzaW9uPScxLjEnIGNsYXNzPSdwcm9jZXNzZWQtZGF0YS11cmwnIHZpZXdCb3g9JzAgMCAyNCAyNCcgeG1sbnM9J2h0dHA6Ly93d3cudzMub3JnLzIwMDAvc3ZnJz4gPHBhdGggZD0nbTE5LjA4NTg3NyA0Ljg3MjA4NDNjLTEuODc5ODMzLTEuODgyMjQ5OC00LjM3OTk5OS0yLjkxOTM1MDMtNy4wNDM4ODgtMi45MjAzMDUzLTUuNDg5MTY2NCAwLTkuOTU2NTI5MyA0LjQ2Njg4ODQtOS45NTg0MzkzIDkuOTU3NDk5LTkuNTVlLTQgMS43NTUyMjIgMC40NTc5MDk5IDMuNDY4NDQ0IDEuMzI5MzIzMiA0Ljk3ODI3N2wtMS40MTI4ODMyIDUuMTYwNjY2IDUuMjc5MDg4NC0xLjM4NDcyMmMxLjQ1NDQxMDkgMC43OTM2MTEgMy4wOTIxODg5IDEuMjExMzg5IDQuNzU4NjMyOSAxLjIxMTg4OWgwLjAwNDNjNS40ODgyMjIgMCA5Ljk1NjExLTQuNDY3Mzg4IDkuOTU3OTk5LTkuOTU3OTk5IDkuMjJlLTQgLTIuNjYwOTk5Ni0xLjAzMzgtNS4xNjI1NzE2LTIuOTE0MTMzLTcuMDQ0ODI3em0tMi41MDM5NDQgOS4xMjI4NTk3Yy0wLjI0ODc3OC0wLjEyNDYxMS0xLjQ3MjA1NS0wLjcyNjI3Ny0xLjcwMDMzMy0wLjgwOTMzMy0wLjIyODIyMi0wLjA4MzExLTAuMzkzODg5LTAuMTI0NjExLTAuNTU5NjExIDAuMTI0NjExLTAuMTY1NjY3IDAuMjQ5Mjc4LTAuNjQyNjY3IDAuODA5ODM0LTAuNzg3ODMzIDAuOTc1NS0wLjE0NTE2NyAwLjE2NjE2Ny0wLjI5MDMzNCAwLjE4NjcyMi0wLjUzOTExMiAwLjA2MjA2LTAuMjQ4NzIyLTAuMTI0NjE1LTEuMDUwNDQ0LTAuMzg3MjI2LTIuMDAxMTExLTEuMjM0NzgyLTAuNzM5NjExLTAuNjU5ODg5LTEuMjM5MTEwNy0xLjQ3NDQ0NC0xLjM4NDIyMTgtMS43MjM3MjItMC4xNDUxNjY3LTAuMjQ5MjIyLTAuMDE1Mjc3OC0wLjM4Mzg4OSAwLjEwODgzMzMtMC41MDc1NTUgMC4xMTE3MjIyLTAuMTExNzIzIDAuMjQ4Nzc3Ny0wLjI5MDc3OCAwLjM3MzM4ODUtMC40MzU5NDUgMC4xMjQ2NjctMC4xNDUxNjYgMC4xNjU3MjItMC4yNDkyMjIgMC4yNDg3NzgtMC40MTQ5NDQgMC4wODMxMTEtMC4xNjYxNjY5IDAuMDQxNTU2LTAuMzExMjc4LTAuMDIwNS0wLjQzNTk0NDctMC4wNjIxMTEtMC4xMjQ2MTExLTAuNTU5NjExLTEuMzQ5Mzg4Ny0wLjc2NzMzMzItMS44NDczODg3LTAuMjAxOTk5OS0wLjQ4NTExNjYtMC40MDcyNzc3LTAuNDE5MjIyMS0wLjU1OTYxMS0wLjQyNzMzODgtMC4xNDUxNjY3LTAuMDA3MTctMC4zMTA4MzMzLTAuMDA4NTktMC40NzctMC4wMDg1OS0wLjE2NjE2NjYgMC0wLjQzNTQ5OTkgMC4wNjIwNzItMC42NjM3MjIxIDAuMzExMzIyMS0wLjIyODIyMjIgMC4yNDkyMjIyLTAuODcwOTM4OCAwLjg1MTMzMzMtMC44NzA5Mzg4IDIuMDc1NjEwOSAwIDEuMjI0Mjc4MiAwLjg5MTQ5NDMgMi40MDc5OTkyIDEuMDE2MTA1NCAyLjU3NDE2NjJzMS43NTQ3MjIxIDIuNjc5MTY2IDQuMjUwNTU1NyAzLjc1NzMzM2MwLjU5MzU1NSAwLjI1NjM4OSAxLjA1NzE2NiAwLjQwOTY2NiAxLjQxODYxMSAwLjUyNDI3OCAwLjU5NTk0NCAwLjE4OTU1NSAxLjEzODMzMyAwLjE2MjgzMyAxLjU2NzExMSAwLjA5ODgzIDAuNDc4LTAuMDcxNjEgMS40NzIxMTEtMC42MDIxMTEgMS42NzkzMzMtMS4xODMyMjJzMC4yMDcyMjItMS4wNzk2MTEgMC4xNDUxNjYtMS4xODMyMjJjLTAuMDYyMDYtMC4xMDM2MTEtMC4yMjgyMjItMC4xNjYxNjctMC40NzY5OTktMC4yOTA3Nzh6JyBjbGlwLXJ1bGU9J2V2ZW5vZGQnIGZpbGw9JyMyNWQzNjYnIGZpbGwtcnVsZT0nZXZlbm9kZCcvPiA8L3N2Zz4=" width="128" height="128" alt="Force inline SVG (1.69 KB) as as base64-encoded data URL">
    <svg fill="none" version="1.1" class="processed-data-url" viewBox="0 0 24 24" width="128" height="128"><title>Force embed SVG (1.69 KB)</title> <path d='m19.085877 4.8720843c-1.879833-1.8822498-4.379999-2.9193503-7.043888-2.9203053-5.4891664 0-9.9565293 4.4668884-9.9584393 9.957499-9.55e-4 1.755222 0.4579099 3.468444 1.3293232 4.978277l-1.4128832 5.160666 5.2790884-1.384722c1.4544109 0.793611 3.0921889 1.211389 4.7586329 1.211889h0.0043c5.488222 0 9.95611-4.467388 9.957999-9.957999 9.22e-4 -2.6609996-1.0338-5.1625716-2.914133-7.044827zm-2.503944 9.1228597c-0.248778-0.124611-1.472055-0.726277-1.700333-0.809333-0.228222-0.08311-0.393889-0.124611-0.559611 0.124611-0.165667 0.249278-0.642667 0.809834-0.787833 0.9755-0.145167 0.166167-0.290334 0.186722-0.539112 0.06206-0.248722-0.124615-1.050444-0.387226-2.001111-1.234782-0.739611-0.659889-1.2391107-1.474444-1.3842218-1.723722-0.1451667-0.249222-0.0152778-0.383889 0.1088333-0.507555 0.1117222-0.111723 0.2487777-0.290778 0.3733885-0.435945 0.124667-0.145166 0.165722-0.249222 0.248778-0.414944 0.083111-0.1661669 0.041556-0.311278-0.0205-0.4359447-0.062111-0.1246111-0.559611-1.3493887-0.7673332-1.8473887-0.2019999-0.4851166-0.4072777-0.4192221-0.559611-0.4273388-0.1451667-0.00717-0.3108333-0.00859-0.477-0.00859-0.1661666 0-0.4354999 0.062072-0.6637221 0.3113221-0.2282222 0.2492222-0.8709388 0.8513333-0.8709388 2.0756109 0 1.2242782 0.8914943 2.4079992 1.0161054 2.5741662s1.7547221 2.679166 4.2505557 3.757333c0.593555 0.256389 1.057166 0.409666 1.418611 0.524278 0.595944 0.189555 1.138333 0.162833 1.567111 0.09883 0.478-0.07161 1.472111-0.602111 1.679333-1.183222s0.207222-1.079611 0.145166-1.183222c-0.06206-0.103611-0.228222-0.166167-0.476999-0.290778z' clip-rule='evenodd' fill='#25d366' fill-rule='evenodd'/> </svg>

    <h3>Code slash icon (< 1 KB)</h3>
    <img src="data:image/svg+xml,%3csvg xmlns='http://www.w3.org/2000/svg' fill='currentColor' class='processed-data-url' viewBox='0 0 16 16'%3e %3cpath d='M10.478 1.647a.5.5 0 1 0-.956-.294l-4 13a.5.5 0 0 0 .956.294l4-13zM4.854 4.146a.5.5 0 0 1 0 .708L1.707 8l3.147 3.146a.5.5 0 0 1-.708.708l-3.5-3.5a.5.5 0 0 1 0-.708l3.5-3.5a.5.5 0 0 1 .708 0zm6.292 0a.5.5 0 0 0 0 .708L14.293 8l-3.147 3.146a.5.5 0 0 0 .708.708l3.5-3.5a.5.5 0 0 0 0-.708l-3.5-3.5a.5.5 0 0 0-.708 0z'/%3e %3c/svg%3e" width="128" height="128" alt="SVG (415 bytes) as Data URL">
    <img src="data:image/svg+xml,%3csvg xmlns='http://www.w3.org/2000/svg' fill='currentColor' class='processed-data-url' viewBox='0 0 16 16'%3e %3cpath d='M10.478 1.647a.5.5 0 1 0-.956-.294l-4 13a.5.5 0 0 0 .956.294l4-13zM4.854 4.146a.5.5 0 0 1 0 .708L1.707 8l3.147 3.146a.5.5 0 0 1-.708.708l-3.5-3.5a.5.5 0 0 1 0-.708l3.5-3.5a.5.5 0 0 1 .708 0zm6.292 0a.5.5 0 0 0 0 .708L14.293 8l-3.147 3.146a.5.5 0 0 0 .708.708l3.5-3.5a.5.5 0 0 0 0-.708l-3.5-3.5a.5.5 0 0 0-.708 0z'/%3e %3c/svg%3e" width="128" height="128" alt="Force inline SVG (415 bytes) as Data URL">
    <svg fill="currentColor" class="processed-data-url" viewBox="0 0 16 16" width="128" height="128"><title>Force embed SVG (415 bytes)</title> <path d='M10.478 1.647a.5.5 0 1 0-.956-.294l-4 13a.5.5 0 0 0 .956.294l4-13zM4.854 4.146a.5.5 0 0 1 0 .708L1.707 8l3.147 3.146a.5.5 0 0 1-.708.708l-3.5-3.5a.5.5 0 0 1 0-.708l3.5-3.5a.5.5 0 0 1 .708 0zm6.292 0a.5.5 0 0 0 0 .708L14.293 8l-3.147 3.146a.5.5 0 0 0 .708.708l3.5-3.5a.5.5 0 0 0 0-.708l-3.5-3.5a.5.5 0 0 0-.708 0z'/> </svg>
  </div>
  <div>
    <h1>CSS icons</h1>

    <h3>Whatsapp icon (> 1 KB)</h3>
    <span class="i-bg-whatsapp"></span>
    <span class="i-bg-whatsapp-force-inline"></span>
    <span class="i-bg-whatsapp-force-embed"></span>

    <h3>Code slash icon (< 1 KB)</h3>
    <span class="i-bg-code-slash"></span>
    <span class="i-bg-code-slash-force-inline"></span>
    <span class="i-bg-code-slash-force-inline-escaped"></span>
    <span class="i-bg-code-slash-force-embed"></span>
  </div>
</body>
</html>