<!DOCTYPE html>
<html>
<head>
  <link href="assets/css/style.7f152e84.css" rel="stylesheet">
</head>
<body>
  <h1>Hello World!</h1>
  <script src="assets/js/runtime.ea9a8aaf.js"></script>
<script src="assets/js/803.675bc0d4.js"></script>
<script src="assets/js/main.378e5785.js"></script>
  <!-- Note:
  here are injected not all generated split chunks.
  It is OK because other chunks are loaded dynamically at runtime from injected chunks.
  -->
</body>
</html>