<!DOCTYPE html>
<html>
<head>
  <title>Test</title>
  <!-- load source script -->
  <script src="main.f90fe2bb.js" defer="defer" integrity="sha384-vREYPYPESn8skQAsEMhDnmRs9beZNWZHPtUvIbXe0OqVG+ElkMn4j6+MI9BQAkqT" crossorigin="anonymous"></script>
</head>
<body>
  <h1>Hello World!</h1>
</body>
</html>